[Bootstrap]
SetupTitle=安装
SetupText=正在复制文件，请等待。
CabFile=任意波函数发生器初始化工具—用户版V1.0.CAB
Spawn=Setup1.exe
Uninstal=st6unst.exe
TmpDir=msftqws.pdw
Cabs=1

[Bootstrap Files]
File1=@VB6STKIT.DLL,$(WinSysPathSysFile),,,7/6/98 12:00:00 AM,101888,6.0.84.50
File2=@COMCAT.DLL,$(WinSysPathSysFile),$(DLLSelfRegister),,5/31/98 12:00:00 AM,22288,4.71.1460.1
File3=@VB6CHS.DLL,$(WinSysPath),,$(Shared),7/6/98 12:00:00 AM,102160,6.0.89.88
File4=@stdole2.tlb,$(WinSysPathSysFile),$(TLBRegister),,6/1/07 12:00:00 AM,16896,5.1.2600.5512
File5=@asycfilt.dll,$(WinSysPathSysFile),,,3/5/10 10:37:40 PM,65536,5.1.2600.5949
File6=@olepro32.dll,$(WinSysPathSysFile),$(DLLSelfRegister),,6/1/07 12:00:00 AM,84992,5.1.2600.5512
File7=@oleaut32.dll,$(WinSysPathSysFile),$(DLLSelfRegister),,1/26/13 11:55:46 AM,552448,5.1.2600.6341
File8=@msvbvm60.dll,$(WinSysPathSysFile),$(DLLSelfRegister),,6/1/07 12:00:00 AM,1384479,6.0.98.2

[IconGroups]
Group0=任意波函数发生器初始化工具
PrivateGroup0=-1
Parent0=$(Programs)

[任意波函数发生器初始化工具]
Icon1="工程1.exe"
Title1=任意波函数发生器初始化工具
StartIn1=$(AppPath)

[Setup]
Title=任意波函数发生器初始化工具
DefaultDir=$(ProgramFiles)\任意波初始化工具
AppExe=任意波函数发生器初始化工具—用户版V1.0.exe
AppToUninstall=任意波函数发生器初始化工具—用户版V1.0.exe

[Setup1 Files]
File1=@VB5DB.DLL,$(WinSysPath),,$(Shared),6/18/98 12:00:00 AM,89360,6.0.81.69
File2=@msjtes40.dll,$(WinSysPathSysFile),$(DLLSelfRegister),,6/1/07 12:00:00 AM,248608,4.0.9502.0
File3=@msrepl40.dll,$(WinSysPathSysFile),,,6/1/07 12:00:00 AM,559904,4.0.9502.0
File4=@msrd3x40.dll,$(WinSysPathSysFile),$(DLLSelfRegister),,6/1/07 12:00:00 AM,322336,4.0.9502.0
File5=@msrd2x40.dll,$(WinSysPathSysFile),$(DLLSelfRegister),,6/1/07 12:00:00 AM,432928,4.0.9502.0
File6=@mswdat10.dll,$(WinSysPathSysFile),,,6/1/07 12:00:00 AM,838432,4.0.9502.0
File7=@mswstr10.dll,$(WinSysPathSysFile),,,6/1/07 12:00:00 AM,621344,4.0.9502.0
File8=@expsrv.dll,$(WinSysPathSysFile),,,6/1/07 12:00:00 AM,380445,6.0.72.9590
File9=@vbajet32.dll,$(WinSysPathSysFile),,,6/1/07 12:00:00 AM,30749,6.0.1.9432
File10=@msjint40.dll,$(WinSysPathSysFile),,,6/1/07 12:00:00 AM,158496,4.0.9502.0
File11=@msjter40.dll,$(WinSysPathSysFile),,,6/1/07 12:00:00 AM,60192,4.0.9502.0
File12=@msjet40.dll,$(WinSysPathSysFile),$(DLLSelfRegister),,6/1/07 12:00:00 AM,1516568,4.0.9511.0
File13=@dao360.dll,$(MSDAOPath),$(DLLSelfRegister),$(Shared),6/1/07 8:00:00 AM,554008,3.60.9512.0
File14=@CMDLGCHS.DLL,$(WinSysPath),,$(Shared),7/7/98 12:00:00 AM,28160,6.0.81.63
File15=@comdlg32.ocx,$(WinSysPath),$(DLLSelfRegister),$(Shared),3/9/04 4:45:36 PM,152848,6.1.97.82
File16=@msstdfmt.dll,$(WinSysPath),$(DLLSelfRegister),$(Shared),1/11/08 4:45:28 PM,129024,6.1.98.4
File17=@TABCTCHS.DLL,$(WinSysPath),,$(Shared),7/7/98 12:00:00 AM,18944,6.0.81.63
File18=@tabctl32.ocx,$(WinSysPath),$(DLLSelfRegister),$(Shared),6/24/98 12:00:00 AM,209192,6.0.81.69
File19=@MSCMCCHS.DLL,$(WinSysPath),,$(Shared),7/7/98 12:00:00 AM,124416,6.0.81.63
File20=@MSCOMCTL.OCX,$(WinSysPath),$(DLLSelfRegister),$(Shared),5/2/12 12:17:12 PM,1070152,6.1.98.34
File21=@MSCOMCHS.DLL,$(WinSysPath),,$(Shared),7/7/98 12:00:00 AM,12800,6.0.81.63
File22=@mscomm32.ocx,$(WinSysPath),$(DLLSelfRegister),$(Shared),10/5/09 6:38:36 PM,103744,6.0.81.69
File23=@任意波函数发生器初始化工具—用户版V1.0.exe,$(AppPath),,$(Shared),4/10/13 8:17:16 PM,6828032,1.0.0.0

; 要在满的安装盘上定制该文件，需要额外的空间，下列行可能被删除。
; 
; XXXXXXXXXXXXXXXXXXXXXXXXXXXXXXXXXXXXXXXXXXXXXXXXXXXXXXXXXXXX
; XXXXXXXXXXXXXXXXXXXXXXXXXXXXXXXXXXXXXXXXXXXXXXXXXXXXXXXXXXXX
; XXXXXXXXXXXXXXXXXXXXXXXXXXXXXXXXXXXXXXXXXXXXXXXXXXXXXXXXXXXX
; XXXXXXXXXXXXXXXXXXXXXXXXXXXXXXXXXXXXXXXXXXXXXXXXXXXXXXXXXXXX
; XXXXXXXXXXXXXXXXXXXXXXXXXXXXXXXXXXXXXXXXXXXXXXXXXXXXXXXXXXXX
; XXXXXXXXXXXXXXXXXXXXXXXXXXXXXXXXXXXXXXXXXXXXXXXXXXXXXXXXXXXX
; XXXXXXXXXXXXXXXXXXXXXXXXXXXXXXXXXXXXXXXXXXXXXXXXXXXXXXXXXXXX
; XXXXXXXXXXXXXXXXXXXXXXXXXXXXXXXXXXXXXXXXXXXXXXXXXXXXXXXXXXXX
; XXXXXXXXXXXXXXXXXXXXXXXXXXXXXXXXXXXXXXXXXXXXXXXXXXXXXXXXXXXX
; XXXXXXXXXXXXXXXXXXXXXXXXXXXXXXXXXXXXXXXXXXXXXXXXXXXXXXXXXXXX
; XXXXXXXXXXXXXXXXXXXXXXXXXXXXXXXXXXXXXXXXXXXXXXXXXXXXXXXXXXXX
; XXXXXXXXXXXXXXXXXXXXXXXXXXXXXXXXXXXXXXXXXXXXXXXXXXXXXXXXXXXX
; XXXXXXXXXXXXXXXXXXXXXXXXXXXXXXXXXXXXXXXXXXXXXXXXXXXXXXXXXXXX
; XXXXXXXXXXXXXXXXXXXXXXXXXXXXXXXXXXXXXXXXXXXXXXXXXXXXXXXXXXXX
; XXXXXXXXXXXXXXXXXXXXXXXXXXXXXXXXXXXXXXXXXXXXXXXXXXXXXXXXXXXX
; XXXXXXXXXXXXXXXXXXXXXXXXXXXXXXXXXXXXXXXXXXXXXXXXXXXXXXXXXXXX
; XXXXXXXXXXXXXXXXXXXXXXXXXXXXXXXXXXXXXXXXXXXXXXXXXXXXXXXXXXXX
; XXXXXXXXXXXXXXXXXXXXXXXXXXXXXXXXXXXXXXXXXXXXXXXXXXXXXXXXXXXX
; XXXXXXXXXXXXXXXXXXXXXXXXXXXXXXXXXXXXXXXXXXXXXXXXXXXXXXXXXXXX
; XXXXXXXXXXXXXXXXXXXXXXXXXXXXXXXXXXXXXXXXXXXXXXXXXXXXXXXXXXXX
; XXXXXXXXXXXXXXXXXXXXXXXXXXXXXXXXXXXXXXXXXXXXXXXXXXXXXXXXXXXX
; XXXXXXXXXXXXXXXXXXXXXXXXXXXXXXXXXXXXXXXXXXXXXXXXXXXXXXXXXXXX
; XXXXXXXXXXXXXXXXXXXXXXXXXXXXXXXXXXXXXXXXXXXXXXXXXXXXXXXXXXXX
; XXXXXXXXXXXXXXXXXXXXXXXXXXXXXXXXXXXXXXXXXXXXXXXXXXXXXXXXXXXX
; XXXXXXXXXXXXXXXXXXXXXXXXXXXXXXXXXXXXXXXXXXXXXXXXXXXXXXXXXXXX
; XXXXXXXXXXXXXXXXXXXXXXXXXXXXXXXXXXXXXXXXXXXXXXXXXXXXXXXXXXXX
; XXXXXXXXXXXXXXXXXXXXXXXXXXXXXXXXXXXXXXXXXXXXXXXXXXXXXXXXXXXX
; XXXXXXXXXXXXXXXXXXXXXXXXXXXXXXXXXXXXXXXXXXXXXXXXXXXXXXXXXXXX
; XXXXXXXXXXXXXXXXXXXXXXXXXXXXXXXXXXXXXXXXXXXXXXXXXXXXXXXXXXXX
; XXXXXXXXXXXXXXXXXXXXXXXXXXXXXXXXXXXXXXXXXXXXXXXXXXXXXXXXXXXX
; XXXXXXXXXXXXXXXXXXXXXXXXXXXXXXXXXXXXXXXXXXXXXXXXXXXXXXXXXXXX
; XXXXXXXXXXXXXXXXXXXXXXXXXXXXXXXXXXXXXXXXXXXXXXXXXXXXXXXXXXXX
; XXXXXXXXXXXXXXXXXXXXXXXXXXXXXXXXXXXXXXXXXXXXXXXXXXXXXXXXXXXX
; XXXXXXXXXXXXXXXXXXXXXXXXXXXXXXXXXXXXXXXXXXXXXXXXXXXXXXXXXXXX
; XXXXXXXXXXXXXXXXXXXXXXXXXXXXXXXXXXXXXXXXXXXXXXXXXXXXXXXXXXXX
